<html>
<body>
<pre>
<h1>µVision Build Log</h1>
<h2>Tool Versions:</h2>
IDE-Version: ¦ÌVision V5.34.0.0
Copyright (C) 2021 ARM Ltd and ARM Germany GmbH. All rights reserved.
License Information: d Dylan Qiu, d, LIC=65ISZ-JL6GS-LQN0Q-NC3A3-S44U8-8MSF3
 
Tool Versions:
Toolchain:       MDK-ARM Plus  Version: 5.34.0.0
Toolchain Path:  D:\keil5\keil\ARM\ARMCC\Bin
C Compiler:      Armcc.exe V5.06 update 7 (build 960)
Assembler:       Armasm.exe V5.06 update 7 (build 960)
Linker/Locator:  ArmLink.exe V5.06 update 7 (build 960)
Library Manager: ArmAr.exe V5.06 update 7 (build 960)
Hex Converter:   FromElf.exe V5.06 update 7 (build 960)
CPU DLL:         SARMCM3.DLL V5.34.0.0
Dialog DLL:      DCM.DLL V1.17.3.0
Target DLL:      Segger\JL2CM3.dll V2.99.38.0
Dialog DLL:      TCM.DLL V1.48.0.0
 
<h2>Project:</h2>
C:\Users\Dylan Qiu\Desktop\design\software\QSHOT\QShot_V1\MDK-ARM\QShot_V1.uvprojx
Project File Date:  05/09/2026

<h2>Output:</h2>
*** Using Compiler 'V5.06 update 7 (build 960)', folder: 'D:\keil5\keil\ARM\ARMCC\Bin'
Rebuild target 'QShot_V1'
compiling USER_Interrupt.c...
assembling startup_stm32f405xx.s...
compiling stm32f4xx_hal_rcc_ex.c...
compiling gpio.c...
compiling usart.c...
compiling stm32f4xx_it.c...
compiling stm32f4xx_hal_msp.c...
compiling stm32f4xx_hal_flash_ramfunc.c...
compiling stm32f4xx_hal_flash.c...
compiling stm32f4xx_hal_dma_ex.c...
compiling stm32f4xx_hal_flash_ex.c...
compiling main.c...
..\FOC_Core\FOC_PID.h(83): warning:  #1-D: last line of file ends without a newline
  #endif
../Core/Src/main.c: 1 warning, 0 errors
compiling system_stm32f4xx.c...
compiling spi.c...
compiling tim.c...
compiling stm32f4xx_hal_gpio.c...
compiling FOC_Math.c...
compiling FOC_Svpwm.c...
compiling FOC_Observer.c...
compiling FOC_PID.c...
compiling FOC_Transforms.c...
compiling stm32f4xx_hal_spi.c...
compiling APP_Interface.c...
compiling stm32f4xx_hal_rcc.c...
compiling APP_Control.c...
compiling APP_Protect.c...
compiling My_Encoder.c...
compiling stm32f4xx_hal.c...
compiling stm32f4xx_hal_cortex.c...
compiling stm32f4xx_hal_dma.c...
compiling stm32f4xx_hal_exti.c...
compiling stm32f4xx_hal_pwr_ex.c...
compiling stm32f4xx_hal_pwr.c...
compiling stm32f4xx_hal_tim_ex.c...
compiling My_GateDriver.c...
../User/CommonDefine.h(13): warning:  #1-D: last line of file ends without a newline
  #endif
..\My_Driver\My_GateDriver.c: 1 warning, 0 errors
compiling stm32f4xx_hal_uart.c...
compiling stm32f4xx_hal_tim.c...
linking...
Program Size: Code=4614 RO-data=450 RW-data=88 ZI-data=1744  
FromELF: creating hex file...
"QShot_V1\QShot_V1.axf" - 0 Error(s), 2 Warning(s).

<h2>Software Packages used:</h2>

Package Vendor: ARM
                http://www.keil.com/pack/ARM.CMSIS.5.7.0.pack
                ARM.CMSIS.5.7.0
                CMSIS (Cortex Microcontroller Software Interface Standard)
   * Component: CORE Version: 5.4.0

Package Vendor: Keil
                http://www.keil.com/pack/Keil.STM32F4xx_DFP.2.16.0.pack
                Keil.STM32F4xx_DFP.2.16.0
                STMicroelectronics STM32F4 Series Device Support, Drivers and Examples

<h2>Collection of Component include folders:</h2>
  .\RTE\_QShot_V1
  D:\keil5\keilpacks\ARM\CMSIS\5.7.0\CMSIS\Core\Include
  D:\keil5\keilpacks\Keil\STM32F4xx_DFP\2.16.0\Drivers\CMSIS\Device\ST\STM32F4xx\Include

<h2>Collection of Component Files used:</h2>

   * Component: ARM::CMSIS:CORE:5.4.0
      Include file:  CMSIS\Core\Include\tz_context.h
Build Time Elapsed:  00:00:14
</pre>
</body>
</html>
